This is a log from test branch
